----------------------------------------
Start task prologue Sat Oct 11 12:58:16 CEST 2025
----------------------------------------
Step ID:         49211435.
Username:        denmon
Group:           artiintel
Asked resources: walltime=3-00:00:00,nodes=1,cpus=1,mem=64G
Queue:           batch
Compute nodes:   dccn-c043
----------------------------------------
End task prologue Sat Oct 11 12:58:16 CEST 2025
----------------------------------------

                            < M A T L A B (R) >
                  Copyright 1984-2024 The MathWorks, Inc.
                  R2024b (24.2.0.2712019) 64-bit (glnxa64)
                              August 22, 2024

 
To get started, type doc.
For product information, visit www.mathworks.com.
 
reducing...
reducing...
reducing...
reducing...
reducing...
reducing...
reducing...
reducing...
reducing...
reducing...
reducing...
reducing...
reducing...
reducing...
reducing...
reducing...
reducing...
reducing...
reducing...
reducing...
reducing...
reducing...
reducing...
reducing...
reducing...
reducing...
reducing...
reducing...
reducing...
reducing...
reducing...
reducing...
reducing...
reducing...
reducing...
reducing...
        5000        6999
        8000       10000
       11000       13000
       13999       15999
       22999       24499
       26999       28499
       30999       32499
       35000       36500
       39000       40499
       42999       44500
       47000       48500
       50999       52500

slurmstepd: error: *** JOB 49211435 ON dccn-c043 CANCELLED AT 2025-10-11T12:58:57 ***
----------------------------------------
Start job epilogue Sat Oct 11 12:58:59 CEST 2025
----------------------------------------
Job ID:          49211435
Job Exit Code:   0:0
Username:        denmon
Group:           artiintel
Queue:           batch
Compute nodes:   dccn-c043
Asked resources: walltime=3-00:00:00,nodes=1,cpus=1,mem=64G
Used resources:  cputime=00:00:41,walltime=00:00:41,memory=825M
----------------------------------------
End job epilogue Sat Oct 11 12:58:59 CEST 2025
----------------------------------------
