----------------------------------------
Start task prologue Sat Oct 11 12:53:16 CEST 2025
----------------------------------------
Step ID:         49211431.
Username:        denmon
Group:           artiintel
Asked resources: walltime=3-00:00:00,nodes=1,cpus=1,mem=64G
Queue:           batch
Compute nodes:   dccn-c043
----------------------------------------
End task prologue Sat Oct 11 12:53:16 CEST 2025
----------------------------------------

                            < M A T L A B (R) >
                  Copyright 1984-2024 The MathWorks, Inc.
                  R2024b (24.2.0.2712019) 64-bit (glnxa64)
                              August 22, 2024

 
To get started, type doc.
For product information, visit www.mathworks.com.
 
reducing...
reducing...
reducing...
reducing...
reducing...
reducing...
reducing...
reducing...
reducing...
reducing...
reducing...
reducing...
reducing...
reducing...
reducing...
reducing...
reducing...
reducing...
reducing...
reducing...
reducing...
reducing...
reducing...
reducing...
reducing...
reducing...
reducing...
reducing...
reducing...
reducing...
reducing...
reducing...
reducing...
reducing...
reducing...
reducing...
        5000        6999
        8000       10000
       11000       13000
       13999       15999
       17000       19000
       20000       22000
       22999       25000
       32000       33500
       36000       37500
       40000       41500
       44000       45500
       48000       49500
       52000       53500
       56000       57500
       60000       61500
       64000       65500
       68000       69500
       72000       73500
       76000       77500
       80000       81500
       84000       85500

slurmstepd: error: *** JOB 49211431 ON dccn-c043 CANCELLED AT 2025-10-11T12:54:07 ***
----------------------------------------
Start job epilogue Sat Oct 11 12:54:08 CEST 2025
----------------------------------------
Job ID:          49211431
Job Exit Code:   0:0
Username:        denmon
Group:           artiintel
Queue:           batch
Compute nodes:   dccn-c043
Asked resources: walltime=3-00:00:00,nodes=1,cpus=1,mem=64G
Used resources:  cputime=00:00:50,walltime=00:00:50,memory=739M
----------------------------------------
End job epilogue Sat Oct 11 12:54:08 CEST 2025
----------------------------------------
